Microchip MPLAB XC8 Compiler V2.32

Linker command line:

-W-3 --edf=C:\Program Files\Microchip\xc8\v2.32\pic\dat\en_msgs.txt -cn \
  -h+dist/default/production\8.11.2021.X.production.sym \
  --cmf=dist/default/production\8.11.2021.X.production.cmf -z -Q18F45K22 \
  -oC:\Users\OAKBAT~1\AppData\Local\Temp\xcAs4us.4 --defsym=__MPLAB_BUILD=1 \
  -Mdist/default/production/8.11.2021.X.production.map -E1 \
  -ver=XC8 Compiler --acfsm=1493 -ASTACK=060h-05FFh -pstack=STACK \
  -ACODE=00h-07FFFh -ACONST=00h-07FFFh -ASMALLCONST=0600h-06FFhx122 \
  -AMEDIUMCONST=0600h-07FFFh -ACOMRAM=01h-05Fh -AABS1=00h-05FFh \
  -ABIGRAM=01h-05FFh -ARAM=060h-0FFh,0100h-01FFhx5 -ABANK0=060h-0FFh \
  -ABANK1=0100h-01FFh -ABANK2=0200h-02FFh -ABANK3=0300h-03FFh \
  -ABANK4=0400h-04FFh -ABANK5=0500h-05FFh -ASFR=0F38h-0F5Fh,0F60h-0FFFh \
  -ACONFIG=0300000h-030000Dh -AIDLOC=0200000h-0200007h \
  -AEEDATA=0F00000h-0F000FFh -peeprom_data=EEDATA \
  -preset_vec=00h,intcode,intcodelo,powerup,init -pramtop=0600h \
  -psmallconst=SMALLCONST -pmediumconst=MEDIUMCONST -pconst=CONST \
  -AFARRAM=00h-00h \
  -prdata=COMRAM,nvrram=COMRAM,nvbit=COMRAM,rbss=COMRAM,rbit=COMRAM \
  -pfarbss=FARRAM,fardata=FARRAM,nvFARRAM=FARRAM \
  -pintsave_regs=BIGRAM,bigbss=BIGRAM,bigdata=BIGRAM -pbss=RAM \
  -pidata=CODE,irdata=CODE,ibigdata=CODE,ifardata=CODE -prparam=COMRAM \
  C:\Users\OAKBAT~1\AppData\Local\Temp\xcAs4us.o \
  dist/default/production\8.11.2021.X.production.o 

Object code version is 3.11

Machine type is 18F45K22



                Name                               Link     Load   Length Selector   Space Scale
C:\Users\OAKBAT~1\AppData\Local\Temp\xcAs4us.o
                idloc                            200000   200000        8        0       5
                config                           300000   300000        E        0       4
                init                                  0        0        4        0       0
dist/default/production\8.11.2021.X.production.o
                idloc                            200000   200000        8        0       5
                config                           300000   300000        E        0       4
                mediumconst                        7A0E     7A0E      5F2     3D07       0
                text9                              72BC     72BC       48     395E       0
                text8                              7426     7426       B0     3A13       0
                text7                              7594     7594      112     3ACA       0
                text6                              7304     7304       4A     3982       0
                text5                              73B2     73B2       74     39D9       0
                text4                              734E     734E       64     39A7       0
                text3                              7296     7296       26     394B       0
                text2                              77C2     77C2      24C     3BE1       0
                text1                              74D6     74D6       BE     3A6B       0
                text0                              76A6     76A6      11C     3B53       0
                cstackCOMRAM                          1        1       24        1       1
                cinit                              728C     728C        A     3946       0

TOTAL           Name                               Link     Load   Length     Space
        CLASS   STACK          

        CLASS   CODE           
                init                                  0        0        4         0
                text9                              72BC     72BC       48         0
                text8                              7426     7426       B0         0
                text7                              7594     7594      112         0
                text6                              7304     7304       4A         0
                text5                              73B2     73B2       74         0
                text4                              734E     734E       64         0
                text3                              7296     7296       26         0
                text2                              77C2     77C2      24C         0
                text1                              74D6     74D6       BE         0
                text0                              76A6     76A6      11C         0
                cinit                              728C     728C        A         0

        CLASS   CONST          

        CLASS   SMALLCONST     

        CLASS   MEDIUMCONST    
                mediumconst                        7A0E     7A0E      5F2         0

        CLASS   COMRAM         
                cstackCOMRAM                          1        1       24         1

        CLASS   ABS1           

        CLASS   BIGRAM         

        CLASS   RAM            

        CLASS   BANK0          

        CLASS   BANK1          

        CLASS   BANK2          

        CLASS   BANK3          

        CLASS   BANK4          

        CLASS   BANK5          

        CLASS   SFR            

        CLASS   CONFIG         
                config                           300000   300000        E         4

        CLASS   IDLOC          
                idloc                            200000   200000        8         5

        CLASS   EEDATA         

        CLASS   FARRAM         



SEGMENTS        Name                           Load    Length   Top    Selector   Space  Class

                reset_vec                      000000  000004  000004         0       0  CODE    
                cstackCOMRAM                   000001  000024  000025         1       1  COMRAM  
                cinit                          00728C  00000A  007296      3946       0  CODE    
                text3                          007296  000026  0072BC      394B       0  CODE    
                text9                          0072BC  000048  007304      395E       0  CODE    
                text6                          007304  00004A  00734E      3982       0  CODE    
                text4                          00734E  000064  0073B2      39A7       0  CODE    
                text5                          0073B2  000074  007426      39D9       0  CODE    
                text8                          007426  0000B0  0074D6      3A13       0  CODE    
                text1                          0074D6  0000BE  007594      3A6B       0  CODE    
                text7                          007594  000112  0076A6      3ACA       0  CODE    
                text0                          0076A6  00011C  0077C2      3B53       0  CODE    
                text2                          0077C2  00024C  007A0E      3BE1       0  CODE    
                mediumconst                    007A0E  0005F2  008000      3D07       0  MEDIUMCO


UNUSED ADDRESS RANGES

        Name                Unused          Largest block    Delta
        BANK0            000060-0000FF               A0
        BANK1            000100-0001FF              100
        BANK2            000200-0002FF              100
        BANK3            000300-0003FF              100
        BANK4            000400-0004FF              100
        BANK5            000500-0005FF              100
        BIGRAM           000025-0005FF              5DB
        CODE             000004-00728B             7288
        COMRAM           000025-00005F               3B
        CONST            000004-00728B             7288
        EEDATA           F00000-F000FF              100
        MEDIUMCONST      000600-00728B             6C8C
        RAM              000060-0005FF              100
        SFR              000F38-000FFF               28
        SMALLCONST       000600-00728B              100
        STACK            000060-0005FF              5A0

                                  Symbol Table

?___lwdiv                cstackCOMRAM 000001
?___lwmod                cstackCOMRAM 000001
?___wmul                 cstackCOMRAM 000001
_ANSELB                  (abs)        000F39
_ANSELD                  (abs)        000F3B
_PORTBbits               (abs)        000F81
_PORTD                   (abs)        000F83
_PORTDbits               (abs)        000F83
_TRISB                   (abs)        000F93
_TRISD                   (abs)        000F95
__HRAM                   (abs)        000000
__Habs1                  abs1         000000
__Hbank0                 bank0        000000
__Hbank1                 bank1        000000
__Hbank2                 bank2        000000
__Hbank3                 bank3        000000
__Hbank4                 bank4        000000
__Hbank5                 bank5        000000
__Hbigbss                bigbss       000000
__Hbigdata               bigdata      000000
__Hbigram                bigram       000000
__Hbss                   bss          000000
__Hcinit                 cinit        000000
__Hclrtext               clrtext      000000
__Hcomram                comram       000000
__Hconfig                config       30000E
__Hconst                 const        000000
__HcstackCOMRAM          cstackCOMRAM 000000
__Hdata                  data         000000
__Heeprom_data           eeprom_data  000000
__Hfarbss                farbss       000000
__Hfardata               fardata      000000
__Hibigdata              ibigdata     000000
__Hidata                 idata        000000
__Hidloc                 idloc        200008
__Hifardata              ifardata     000000
__Hinit                  init         000004
__Hintcode               intcode      000000
__Hintcode_body          intcode_body 000000
__Hintcodelo             intcodelo    000000
__Hintentry              intentry     000000
__Hintret                intret       000000
__Hintsave_regs          intsave_regs 000000
__Hirdata                irdata       000000
__Hmediumconst           mediumconst  008000
__HnvFARRAM              nvFARRAM     000000
__Hnvbit                 nvbit        000000
__Hnvrram                nvrram       000000
__Hparam                 rparam       000000
__Hpowerup               powerup      000000
__Hram                   ram          000000
__Hramtop                ramtop       000600
__Hrbit                  rbit         000000
__Hrbss                  rbss         000000
__Hrdata                 rdata        000000
__Hreset_vec             reset_vec    000000
__Hrparam                rparam       000000
__Hsfr                   sfr          000000
__Hsmallconst            smallconst   000000
__Hspace_0               (abs)        008000
__Hspace_1               (abs)        000025
__Hspace_2               (abs)        000000
__Hspace_4               (abs)        60000E
__Hstack                 stack        000000
__Hstruct                struct       000000
__Htemp                  temp         000000
__Htext                  text         000000
__Htext0                 text0        000000
__Htext1                 text1        000000
__Htext2                 text2        000000
__Htext3                 text3        000000
__Htext4                 text4        000000
__Htext5                 text5        000000
__Htext6                 text6        000000
__Htext7                 text7        000000
__Htext8                 text8        000000
__Htext9                 text9        000000
__LRAM                   (abs)        000001
__Labs1                  abs1         000000
__Lbank0                 bank0        000000
__Lbank1                 bank1        000000
__Lbank2                 bank2        000000
__Lbank3                 bank3        000000
__Lbank4                 bank4        000000
__Lbank5                 bank5        000000
__Lbigbss                bigbss       000000
__Lbigdata               bigdata      000000
__Lbigram                bigram       000000
__Lbss                   bss          000000
__Lcinit                 cinit        000000
__Lclrtext               clrtext      000000
__Lcomram                comram       000000
__Lconfig                config       000000
__Lconst                 const        000000
__LcstackCOMRAM          cstackCOMRAM 000000
__Ldata                  data         000000
__Leeprom_data           eeprom_data  000000
__Lfarbss                farbss       000000
__Lfardata               fardata      000000
__Libigdata              ibigdata     000000
__Lidata                 idata        000000
__Lidloc                 idloc        000000
__Lifardata              ifardata     000000
__Linit                  init         000000
__Lintcode               intcode      000000
__Lintcode_body          intcode_body 000000
__Lintcodelo             intcodelo    000000
__Lintentry              intentry     000000
__Lintret                intret       000000
__Lintsave_regs          intsave_regs 000000
__Lirdata                irdata       000000
__Lmediumconst           mediumconst  007A0E
__LnvFARRAM              nvFARRAM     000000
__Lnvbit                 nvbit        000000
__Lnvrram                nvrram       000000
__Lparam                 rparam       000000
__Lpowerup               powerup      000000
__Lram                   ram          000000
__Lramtop                ramtop       000600
__Lrbit                  rbit         000000
__Lrbss                  rbss         000000
__Lrdata                 rdata        000000
__Lreset_vec             reset_vec    000000
__Lrparam                rparam       000000
__Lsfr                   sfr          000000
__Lsmallconst            smallconst   000000
__Lspace_0               (abs)        000000
__Lspace_1               (abs)        000000
__Lspace_2               (abs)        000000
__Lspace_4               (abs)        000000
__Lstack                 stack        000000
__Lstruct                struct       000000
__Ltemp                  temp         000000
__Ltext                  text         000000
__Ltext0                 text0        000000
__Ltext1                 text1        000000
__Ltext2                 text2        000000
__Ltext3                 text3        000000
__Ltext4                 text4        000000
__Ltext5                 text5        000000
__Ltext6                 text6        000000
__Ltext7                 text7        000000
__Ltext8                 text8        000000
__Ltext9                 text9        000000
__S0                     (abs)        008000
__S1                     (abs)        000025
__S2                     (abs)        000000
__S4                     (abs)        000000
__S5                     (abs)        000000
___inthi_sp              stack        000000
___intlo_sp              stack        000000
___lwdiv                 text5        0073B2
___lwdiv@counter         cstackCOMRAM 000007
___lwdiv@dividend        cstackCOMRAM 000001
___lwdiv@divisor         cstackCOMRAM 000003
___lwdiv@quotient        cstackCOMRAM 000005
___lwmod                 text4        00734E
___lwmod@counter         cstackCOMRAM 000005
___lwmod@dividend        cstackCOMRAM 000001
___lwmod@divisor         cstackCOMRAM 000003
___param_bank            (abs)        000000
___rparam_used           (abs)        000001
___sp                    stack        000000
___wmul                  text3        007296
___wmul@multiplicand     cstackCOMRAM 000003
___wmul@multiplier       cstackCOMRAM 000001
___wmul@product          cstackCOMRAM 000005
__accesstop              (abs)        000060
__activetblptr           (abs)        000002
__end_of___lwdiv         text5        007426
__end_of___lwmod         text4        0073B2
__end_of___wmul          text3        0072BC
__end_of__initialization cinit        00728C
__end_of_charset         mediumconst  007FEA
__end_of_clr_scr         text8        0074D6
__end_of_dama            text7        0076A6
__end_of_glcd_init       text6        00734E
__end_of_main            text0        0077C2
__end_of_place_text      text2        007A0E
__end_of_print_logo      text1        007594
__end_of_trig            text9        007304
__end_of_ytulogo         mediumconst  007E0F
__initialization         cinit        00728C
__mediumconst            mediumconst  007A0E
__pcinit                 cinit        00728C
__pcstackCOMRAM          cstackCOMRAM 000001
__pmediumconst           mediumconst  007A0E
__ptext0                 text0        0076A6
__ptext1                 text1        0074D6
__ptext2                 text2        0077C2
__ptext3                 text3        007296
__ptext4                 text4        00734E
__ptext5                 text5        0073B2
__ptext6                 text6        007304
__ptext7                 text7        007594
__ptext8                 text8        007426
__ptext9                 text9        0072BC
__ramtop                 ramtop       000600
__size_of___lwdiv        (abs)        000000
__size_of___lwmod        (abs)        000000
__size_of___wmul         (abs)        000000
__size_of_clr_scr        (abs)        000000
__size_of_dama           (abs)        000000
__size_of_glcd_init      (abs)        000000
__size_of_main           (abs)        000000
__size_of_place_text     (abs)        000000
__size_of_print_logo     (abs)        000000
__size_of_trig           (abs)        000000
__smallconst             smallconst   000000
_charset                 mediumconst  007E0F
_clr_scr                 text8        007426
_dama                    text7        007594
_glcd_init               text6        007304
_main                    text0        0076A6
_place_text              text2        0077C2
_print_logo              text1        0074D6
_trig                    text9        0072BC
_ytulogo                 mediumconst  007A0F
clr_scr@k                cstackCOMRAM 000005
dama@k                   cstackCOMRAM 000009
dama@theme               cstackCOMRAM 000008
end_of_initialization    cinit        00728C
intlevel0                text         000000
intlevel1                text         000000
intlevel2                text         000000
intlevel3                text         000000
isa$std                  (abs)        000001
isa$xinst                (abs)        000000
place_text@j             cstackCOMRAM 00001D
place_text@k             cstackCOMRAM 000021
place_text@k_start       cstackCOMRAM 00001F
place_text@page          cstackCOMRAM 00000A
place_text@s             cstackCOMRAM 00000C
place_text@start_char    cstackCOMRAM 000008
print_logo@k             cstackCOMRAM 000005
stackhi                  (abs)        0005FF
stacklo                  (abs)        000060
start                    init         000000
start_initialization     cinit        00728C
trig@k                   cstackCOMRAM 000001


MODULE INFORMATION

Module		Function		Class		Link	Load	Size
C:\Program Files\Microchip\xc8\v2.32\pic\sources\c99\common\lwmod.c
		___lwmod       		CODE           	734E	0000	100

C:\Program Files\Microchip\xc8\v2.32\pic\sources\c99\common\lwmod.c estimated size: 100

newmain.c
		_trig          		CODE           	72BC	0000	72
		_place_text    		CODE           	77C2	0000	588
		_dama          		CODE           	7594	0000	274
		_main          		CODE           	76A6	0000	284
		_glcd_init     		CODE           	7304	0000	74
		_print_logo    		CODE           	74D6	0000	190
		_clr_scr       		CODE           	7426	0000	176

newmain.c estimated size: 1658

C:\Program Files\Microchip\xc8\v2.32\pic\sources\c99\common\Umul16.c
		___wmul        		CODE           	7296	0000	38

C:\Program Files\Microchip\xc8\v2.32\pic\sources\c99\common\Umul16.c estimated size: 38

shared
		_ytulogo       		MEDIUMCONST    	7A0F	0000	1024
		__initialization		CODE           	728C	0000	1
		_charset       		MEDIUMCONST    	7E0F	0000	475

shared estimated size: 1500

C:\Program Files\Microchip\xc8\v2.32\pic\sources\c99\common\lwdiv.c
		___lwdiv       		CODE           	73B2	0000	116

C:\Program Files\Microchip\xc8\v2.32\pic\sources\c99\common\lwdiv.c estimated size: 116

